........................................................................ [  4%]
........................................................................ [  8%]
........................................................................ [ 12%]
........................................................................ [ 16%]
........................................................................ [ 20%]
........................................................................ [ 24%]
........................................................................ [ 28%]
........................................................................ [ 32%]
........................................................................ [ 36%]
........................................................................ [ 40%]
........................................................................ [ 44%]
........................................................................ [ 48%]
........................................................................ [ 52%]
........................................................................ [ 56%]
........................................................................ [ 60%]
............F........................................................... [ 65%]
........................................................................ [ 69%]
........................................................................ [ 73%]
........................................................................ [ 77%]
........................................................................ [ 81%]
........................................................................ [ 85%]
...........................................................F............ [ 89%]
........................................................................ [ 93%]
........................................................................ [ 97%]
............................................                             [100%]
=================================== FAILURES ===================================
________________________ TestColors.test_colors_defined ________________________
rege/tests/test_formatting.py:29: in test_colors_defined
    assert Colors.GREEN.startswith("\033[")
E   AssertionError: assert False
E    +  where False = <built-in method startswith of str object at 0xa42e08>('\x1b[')
E    +    where <built-in method startswith of str object at 0xa42e08> = ''.startswith
E    +      where '' = Colors.GREEN
___________ TestFormattingNoColor.test_no_color_env_triggers_disable ___________
rege/tests/test_bloom_misc_final_coverage.py:546: in test_no_color_env_triggers_disable
    assert fmt.Colors.GREEN != ""
E   AssertionError: assert '' != ''
E    +  where '' = <class 'rege.formatting.Colors'>.GREEN
E    +    where <class 'rege.formatting.Colors'> = <module 'rege.formatting' from '<source-root>/rege/rege/formatting.py'>.Colors
=========================== short test summary info ============================
FAILED rege/tests/test_formatting.py::TestColors::test_colors_defined - Asser...
FAILED rege/tests/test_bloom_misc_final_coverage.py::TestFormattingNoColor::test_no_color_env_triggers_disable
2 failed, 1770 passed in 1.72s
